<?xml version="1.0" encoding="UTF-8"?>
<testsuites name="jest tests" tests="20" failures="0" time="1.583">
  <testsuite name="generateDeltaTransaction" errors="0" failures="0" skipped="0" timestamp="2019-04-15T20:53:31" time="1" tests="20">
    <testcase classname="generateDeltaTransaction Objects are same" name="generateDeltaTransaction Objects are same" time="0.006">
    </testcase>
    <testcase classname="generateDeltaUpdate Objects are same" name="generateDeltaUpdate Objects are same" time="0">
    </testcase>
    <testcase classname="generateDeltaUpdate Number has difference" name="generateDeltaUpdate Number has difference" time="0.001">
    </testcase>
    <testcase classname="generateDeltaUpdate String has difference" name="generateDeltaUpdate String has difference" time="0.001">
    </testcase>
    <testcase classname="generateDeltaUpdate Boolean has difference" name="generateDeltaUpdate Boolean has difference" time="0.001">
    </testcase>
    <testcase classname="generateDeltaUpdate Buffer has difference" name="generateDeltaUpdate Buffer has difference" time="0">
    </testcase>
    <testcase classname="generateDeltaUpdate String Array has difference" name="generateDeltaUpdate String Array has difference" time="0.001">
    </testcase>
    <testcase classname="generateDeltaUpdate Number Array has difference" name="generateDeltaUpdate Number Array has difference" time="0">
    </testcase>
    <testcase classname="generateDeltaUpdate Map Array has difference" name="generateDeltaUpdate Map Array has difference" time="0.001">
    </testcase>
    <testcase classname="generateDeltaUpdate Map has difference" name="generateDeltaUpdate Map has difference" time="0.001">
    </testcase>
    <testcase classname="generateDeltaUpdate Map has two differences" name="generateDeltaUpdate Map has two differences" time="0.001">
    </testcase>
    <testcase classname="generateDeltaUpdate Value type does not match" name="generateDeltaUpdate Value type does not match" time="0">
    </testcase>
    <testcase classname="generateDeltaUpdate New value added" name="generateDeltaUpdate New value added" time="0.001">
    </testcase>
    <testcase classname="generateDeltaUpdate New value deleted" name="generateDeltaUpdate New value deleted" time="0.001">
    </testcase>
    <testcase classname="generateDeltaUpdate Map value added" name="generateDeltaUpdate Map value added" time="0.002">
    </testcase>
    <testcase classname="generateDeltaUpdate Map value deleted" name="generateDeltaUpdate Map value deleted" time="0.001">
    </testcase>
    <testcase classname="generateDeltaUpdate Array value added" name="generateDeltaUpdate Array value added" time="0">
    </testcase>
    <testcase classname="generateDeltaUpdate Array value deleted" name="generateDeltaUpdate Array value deleted" time="0.001">
    </testcase>
    <testcase classname="generateDeltaUpdate Date not equal" name="generateDeltaUpdate Date not equal" time="0.001">
    </testcase>
    <testcase classname="generateDeltaUpdate Date before is null" name="generateDeltaUpdate Date before is null" time="0.001">
    </testcase>
  </testsuite>
</testsuites>